// Jest Snapshot v1, https://goo.gl/fbAQLP

exports[`Storyshots Demo example 1`] = `
<div
  className="Demo"
>
  This is a demo-component. You can see the code in 
  <code>
    src/components/Demo
  </code>
  <button
    onClick={[Function]}
  >
    click me!
  </button>
</div>
`;
